C251 COMPILER V5.60.0,  sys                                                                27/11/24  19:44:34  PAGE 1   


C251 COMPILER V5.60.0, COMPILATION OF MODULE sys
OBJECT MODULE PLACED IN ..\obj\sys.obj
COMPILER INVOKED BY: C:\Keil_v5\C251\BIN\C251.EXE ..\sys\sys.c XSMALL INTR2 BROWSE INCDIR(..\GUI;..\LCD;..\sys;..\touch;
                    -..\USER;..\TinyMaix;TinyMaix;..\font;.;..\TinyMaix) DEBUG PRINT(.\sys.lst) TABS(2) OBJECT(..\obj\sys.obj) 

stmt  level    source

    1          /*---------------------------------------------------------------------*/
    2          /* --- Web: www.STCAI.com ---------------------------------------------*/
    3          /* 液晶屏驱动程序参考wiki技术网站提供的开源源码，仅供学习使用          */
    4          /*---------------------------------------------------------------------*/
    5          
    6          //=========================================电源接线================================================//
    7          //VDD接DC 3.3V电源
    8          //GND接地
    9          //=======================================液晶屏数据线接线==========================================//
   10          //本模块数据总线类型为8位并口
   11          // LCD_D0~D7     接       P20~P27        //液晶屏8位数据线
   12          //=======================================液晶屏控制线接线==========================================//
   13          // LCD_RS        接        P45           //数据/命令选择控制信号
   14          // LCD_RD        接        P37           //读控制信号
   15          // LCD_RST       接        P47           //复位信号
   16          // LCD_WR        接        P36           //写控制信号
   17          // LCD_CS        接        P05/P53       //片选控制信号
   18          //================================================================================================//
   19          //不使用触摸或者模块本身不带触摸，则可不连接
   20          //触摸屏使用的数据总线类型为SPI
   21          //  T_CS         接        P15          //触摸屏片选控制信号
   22          //  T_CLK        接        P32          //触摸屏SPI时钟信号
   23          //  T_DO         接        P33          //触摸屏SPI读信号
   24          //  T_DIN        接        P34          //触摸屏SPI写信号
   25          //  T_IRQ        接        P14          //触摸屏响应检查信号
   26          //================================================================================================//
   27          // 本实验使用的2.4寸320*240的并口彩屏，由冲哥淘宝店提供：http://e.tb.cn/h.gIlbVqAOj8YXlwo?tk=vFIr3RGTy2n
   28          //**************************************************************************************************/
   29          
   30          #include "sys.h"
   31          void delay_ms(int count)  // /* X1ms */
   32          {
   33   1           u16 i;
   34   1           do{
   35   2                i = MAIN_Fosc / 6000;
   36   2                while(--i);
   37   2           }while(--count);
   38   1      }
   39          
   40          void delay_us(int count)  // /* X1us */
   41          {
   42   1              int i,j;
   43   1              for(i=0;i<count;i++)
   44   1                      for(j=0;j<1;j++);
   45   1      }


Module Information          Static   Overlayable
------------------------------------------------
  code size            =        36     ------
  ecode size           =    ------     ------
  data size            =    ------     ------
  idata size           =    ------     ------
  pdata size           =    ------     ------
  xdata size           =    ------     ------
  xdata-const size     =    ------     ------
  edata size           =    ------     ------
  bit size             =    ------     ------
  ebit size            =    ------     ------
C251 COMPILER V5.60.0,  sys                                                                27/11/24  19:44:34  PAGE 2   

  bitaddressable size  =    ------     ------
  ebitaddressable size =    ------     ------
  far data size        =    ------     ------
  huge data size       =    ------     ------
  const size           =    ------     ------
  hconst size          =    ------     ------
End of Module Information.


C251 COMPILATION COMPLETE.  0 WARNING(S),  0 ERROR(S)
